Rate Units: cm^3/sec

 T, K REACS->PRODS PRODS->REACS
  300  7.19008e-15  3.52925e-26
  400  3.61904e-14  7.34318e-23
  500  1.13584e-13   8.1822e-21
  600  2.68583e-13  2.04206e-19
  700  5.31626e-13   2.1517e-18
  800  9.33524e-13   1.3181e-17
  900  1.50467e-12  5.60885e-17
 1000  2.27425e-12  1.84475e-16
 1100  3.26971e-12  5.01961e-16
 1200   4.5164e-12  1.18253e-15
 1300  6.03748e-12  2.48942e-15
 1400  7.85399e-12  4.79072e-15
 1500  9.98496e-12  8.57082e-15
 1600  1.24476e-11  1.44374e-14
 1700  1.52573e-11  2.31243e-14
 1800  1.84279e-11  3.54907e-14
 1900  2.19718e-11  5.25176e-14
 2000  2.59002e-11  7.53016e-14
 2100  3.02228e-11  1.05047e-13
 2200  3.49483e-11  1.43058e-13
 2300  4.00847e-11  1.90729e-13
 2400  4.56388e-11  2.49534e-13
 2500  5.16169e-11   3.2102e-13
